#-----------------------------------------------------------
# Vivado v2023.2 (64-bit)
# SW Build 4029153 on Fri Oct 13 20:13:54 MDT 2023
# IP Build 4028589 on Sat Oct 14 00:45:43 MDT 2023
# SharedData Build 4025554 on Tue Oct 10 17:18:54 MDT 2023
# Start of session at: Tue Apr 15 14:19:39 2025
# Process ID: 403199
# Current directory: /home/09-comp-arch-m/ecen4243S25/lab3/implementation
# Command line: vivado
# Log file: /home/09-comp-arch-m/ecen4243S25/lab3/implementation/vivado.log
# Journal file: /home/09-comp-arch-m/ecen4243S25/lab3/implementation/vivado.jou
# Running On: CEAT-ENDV350-09L, OS: Linux, CPU Frequency: 5092.535 MHz, CPU Physical cores: 14, Host memory: 16437 MB
#-----------------------------------------------------------
start_gui
WARNING: [Board 49-26] cannot add Board Part xilinx.com:kcu105:part0:1.6 available at /opt/Xilinx/Vivado/2023.2/data/xhub/boards/XilinxBoardStore/boards/Xilinx/kcu105/1.6/board.xml as part xcku040-ffva1156-2-e specified in board_part file is either invalid or not available
WARNING: [Board 49-26] cannot add Board Part xilinx.com:kcu105:part0:1.7 available at /opt/Xilinx/Vivado/2023.2/data/xhub/boards/XilinxBoardStore/boards/Xilinx/kcu105/1.7/board.xml as part xcku040-ffva1156-2-e specified in board_part file is either invalid or not available
WARNING: [Board 49-26] cannot add Board Part xilinx.com:kcu116:part0:1.4 available at /opt/Xilinx/Vivado/2023.2/data/xhub/boards/XilinxBoardStore/boards/Xilinx/kcu116/1.4/board.xml as part xcku5p-ffvb676-2-e specified in board_part file is either invalid or not available
WARNING: [Board 49-26] cannot add Board Part xilinx.com:kcu116:part0:1.5 available at /opt/Xilinx/Vivado/2023.2/data/xhub/boards/XilinxBoardStore/boards/Xilinx/kcu116/1.5/board.xml as part xcku5p-ffvb676-2-e specified in board_part file is either invalid or not available
WARNING: [Board 49-26] cannot add Board Part xilinx.com:kcu1500:part0:1.2 available at /opt/Xilinx/Vivado/2023.2/data/xhub/boards/XilinxBoardStore/boards/Xilinx/kcu1500/1.2/board.xml as part xcku115-flvb2104-2-e specified in board_part file is either invalid or not available
WARNING: [Board 49-26] cannot add Board Part xilinx.com:vck190:part0:2.2 available at /opt/Xilinx/Vivado/2023.2/data/xhub/boards/XilinxBoardStore/boards/Xilinx/vck190/production/2.2/board.xml as part xcvc1902-vsva2197-2mp-e-s specified in board_part file is either invalid or not available
WARNING: [Board 49-26] cannot add Board Part xilinx.com:vck190:part0:3.0 available at /opt/Xilinx/Vivado/2023.2/data/xhub/boards/XilinxBoardStore/boards/Xilinx/vck190/production/3.0/board.xml as part xcvc1902-vsva2197-2mp-e-s specified in board_part file is either invalid or not available
WARNING: [Board 49-26] cannot add Board Part xilinx.com:vck190:part0:3.1 available at /opt/Xilinx/Vivado/2023.2/data/xhub/boards/XilinxBoardStore/boards/Xilinx/vck190/production/3.1/board.xml as part xcvc1902-vsva2197-2mp-e-s specified in board_part file is either invalid or not available
WARNING: [Board 49-26] cannot add Board Part xilinx.com:vck190:part0:3.2 available at /opt/Xilinx/Vivado/2023.2/data/xhub/boards/XilinxBoardStore/boards/Xilinx/vck190/production/3.2/board.xml as part xcvc1902-vsva2197-2mp-e-s specified in board_part file is either invalid or not available
WARNING: [Board 49-26] cannot add Board Part xilinx.com:vck190_newl:part0:1.0 available at /opt/Xilinx/Vivado/2023.2/data/xhub/boards/XilinxBoardStore/boards/Xilinx/vck190_newl/production/1.0/board.xml as part xcvc1902-vsva2197-2mp-e-s specified in board_part file is either invalid or not available
WARNING: [Board 49-26] cannot add Board Part xilinx.com:vck190_newl:part0:1.1 available at /opt/Xilinx/Vivado/2023.2/data/xhub/boards/XilinxBoardStore/boards/Xilinx/vck190_newl/production/1.1/board.xml as part xcvc1902-vsva2197-2mp-e-s specified in board_part file is either invalid or not available
WARNING: [Board 49-26] cannot add Board Part xilinx.com:vcu108:part0:1.6 available at /opt/Xilinx/Vivado/2023.2/data/xhub/boards/XilinxBoardStore/boards/Xilinx/vcu108/1.6/board.xml as part xcvu095-ffva2104-2-e specified in board_part file is either invalid or not available
WARNING: [Board 49-26] cannot add Board Part xilinx.com:vcu108:part0:1.7 available at /opt/Xilinx/Vivado/2023.2/data/xhub/boards/XilinxBoardStore/boards/Xilinx/vcu108/1.7/board.xml as part xcvu095-ffva2104-2-e specified in board_part file is either invalid or not available
WARNING: [Board 49-26] cannot add Board Part xilinx.com:vcu110:part0:1.4 available at /opt/Xilinx/Vivado/2023.2/data/xhub/boards/XilinxBoardStore/boards/Xilinx/vcu110/1.4/board.xml as part xcvu190-flgc2104-2-e specified in board_part file is either invalid or not available
WARNING: [Board 49-26] cannot add Board Part xilinx.com:vcu118:part0:2.0 available at /opt/Xilinx/Vivado/2023.2/data/xhub/boards/XilinxBoardStore/boards/Xilinx/vcu118/2.0/board.xml as part xcvu9p-flga2104-2l-e specified in board_part file is either invalid or not available
WARNING: [Board 49-26] cannot add Board Part xilinx.com:vcu118:part0:2.3 available at /opt/Xilinx/Vivado/2023.2/data/xhub/boards/XilinxBoardStore/boards/Xilinx/vcu118/2.3/board.xml as part xcvu9p-flga2104-2l-e specified in board_part file is either invalid or not available
WARNING: [Board 49-26] cannot add Board Part xilinx.com:vcu118:part0:2.4 available at /opt/Xilinx/Vivado/2023.2/data/xhub/boards/XilinxBoardStore/boards/Xilinx/vcu118/2.4/board.xml as part xcvu9p-flga2104-2l-e specified in board_part file is either invalid or not available
WARNING: [Board 49-26] cannot add Board Part xilinx.com:vcu128:part0:1.0 available at /opt/Xilinx/Vivado/2023.2/data/xhub/boards/XilinxBoardStore/boards/Xilinx/vcu128/production/1.0/board.xml as part xcvu37p-fsvh2892-2l-e specified in board_part file is either invalid or not available
WARNING: [Board 49-26] cannot add Board Part xilinx.com:vcu129:part0:1.0 available at /opt/Xilinx/Vivado/2023.2/data/xhub/boards/XilinxBoardStore/boards/Xilinx/vcu129/production/1.0/board.xml as part xcvu29p-fsga2577-2l-e specified in board_part file is either invalid or not available
WARNING: [Board 49-26] cannot add Board Part xilinx.com:vcu1525:part0:1.3 available at /opt/Xilinx/Vivado/2023.2/data/xhub/boards/XilinxBoardStore/boards/Xilinx/vcu1525/1.3/board.xml as part xcvu9p-fsgd2104-2l-e specified in board_part file is either invalid or not available
WARNING: [Board 49-26] cannot add Board Part xilinx.com:vek280:part0:1.0 available at /opt/Xilinx/Vivado/2023.2/data/xhub/boards/XilinxBoardStore/boards/Xilinx/vek280/production/1.0/board.xml as part xcve2802-vsvh1760-2mp-e-s specified in board_part file is either invalid or not available
WARNING: [Board 49-26] cannot add Board Part xilinx.com:vek280_es:part0:1.0 available at /opt/Xilinx/Vivado/2023.2/data/xhub/boards/XilinxBoardStore/boards/Xilinx/vek280/es/rev_a/1.0/board.xml as part xcve2802-vsvh1760-2lp-e-s-es1 specified in board_part file is either invalid or not available
WARNING: [Board 49-26] cannot add Board Part xilinx.com:vek280_es:part0:1.1 available at /opt/Xilinx/Vivado/2023.2/data/xhub/boards/XilinxBoardStore/boards/Xilinx/vek280/es/rev_a/1.1/board.xml as part xcve2802-vsvh1760-2lp-e-s-es1 specified in board_part file is either invalid or not available
WARNING: [Board 49-26] cannot add Board Part xilinx.com:vek280_es_revb:part0:1.0 available at /opt/Xilinx/Vivado/2023.2/data/xhub/boards/XilinxBoardStore/boards/Xilinx/vek280/es/rev_b/1.0/board.xml as part xcve2802-vsvh1760-2mp-e-s-es1 specified in board_part file is either invalid or not available
WARNING: [Board 49-26] cannot add Board Part xilinx.com:vek280_es_revb:part0:1.1 available at /opt/Xilinx/Vivado/2023.2/data/xhub/boards/XilinxBoardStore/boards/Xilinx/vek280/es/rev_b/1.1/board.xml as part xcve2802-vsvh1760-2mp-e-s-es1 specified in board_part file is either invalid or not available
WARNING: [Board 49-26] cannot add Board Part xilinx.com:vhk158:part0:1.0 available at /opt/Xilinx/Vivado/2023.2/data/xhub/boards/XilinxBoardStore/boards/Xilinx/vhk158/production/1.0/board.xml as part xcvh1582-vsva3697-2mp-e-s specified in board_part file is either invalid or not available
WARNING: [Board 49-26] cannot add Board Part xilinx.com:vhk158:part0:1.1 available at /opt/Xilinx/Vivado/2023.2/data/xhub/boards/XilinxBoardStore/boards/Xilinx/vhk158/production/1.1/board.xml as part xcvh1582-vsva3697-2mp-e-s specified in board_part file is either invalid or not available
WARNING: [Board 49-26] cannot add Board Part xilinx.com:vhk158_es:part0:1.0 available at /opt/Xilinx/Vivado/2023.2/data/xhub/boards/XilinxBoardStore/boards/Xilinx/vhk158/es/1.0/board.xml as part xcvh1582-vsva3697-2mp-e-s-es1 specified in board_part file is either invalid or not available
WARNING: [Board 49-26] cannot add Board Part xilinx.com:vhk158_es:part0:1.1 available at /opt/Xilinx/Vivado/2023.2/data/xhub/boards/XilinxBoardStore/boards/Xilinx/vhk158/es/1.1/board.xml as part xcvh1582-vsva3697-2mp-e-s-es1 specified in board_part file is either invalid or not available
WARNING: [Board 49-26] cannot add Board Part xilinx.com:vmk180:part0:2.2 available at /opt/Xilinx/Vivado/2023.2/data/xhub/boards/XilinxBoardStore/boards/Xilinx/vmk180/production/2.2/board.xml as part xcvm1802-vsva2197-2mp-e-s specified in board_part file is either invalid or not available
WARNING: [Board 49-26] cannot add Board Part xilinx.com:vmk180:part0:3.0 available at /opt/Xilinx/Vivado/2023.2/data/xhub/boards/XilinxBoardStore/boards/Xilinx/vmk180/production/3.0/board.xml as part xcvm1802-vsva2197-2mp-e-s specified in board_part file is either invalid or not available
WARNING: [Board 49-26] cannot add Board Part xilinx.com:vmk180:part0:3.1 available at /opt/Xilinx/Vivado/2023.2/data/xhub/boards/XilinxBoardStore/boards/Xilinx/vmk180/production/3.1/board.xml as part xcvm1802-vsva2197-2mp-e-s specified in board_part file is either invalid or not available
WARNING: [Board 49-26] cannot add Board Part xilinx.com:vmk180:part0:3.2 available at /opt/Xilinx/Vivado/2023.2/data/xhub/boards/XilinxBoardStore/boards/Xilinx/vmk180/production/3.2/board.xml as part xcvm1802-vsva2197-2mp-e-s specified in board_part file is either invalid or not available
WARNING: [Board 49-26] cannot add Board Part xilinx.com:vmk180_newl:part0:1.0 available at /opt/Xilinx/Vivado/2023.2/data/xhub/boards/XilinxBoardStore/boards/Xilinx/vmk180_newl/production/1.0/board.xml as part xcvm1802-vsva2197-2mp-e-s specified in board_part file is either invalid or not available
WARNING: [Board 49-26] cannot add Board Part xilinx.com:vmk180_newl:part0:1.1 available at /opt/Xilinx/Vivado/2023.2/data/xhub/boards/XilinxBoardStore/boards/Xilinx/vmk180_newl/production/1.1/board.xml as part xcvm1802-vsva2197-2mp-e-s specified in board_part file is either invalid or not available
WARNING: [Board 49-26] cannot add Board Part xilinx.com:vpk120:part0:1.0 available at /opt/Xilinx/Vivado/2023.2/data/xhub/boards/XilinxBoardStore/boards/Xilinx/vpk120/production/1.0/board.xml as part xcvp1202-vsva2785-2mp-e-s specified in board_part file is either invalid or not available
WARNING: [Board 49-26] cannot add Board Part xilinx.com:vpk120:part0:1.1 available at /opt/Xilinx/Vivado/2023.2/data/xhub/boards/XilinxBoardStore/boards/Xilinx/vpk120/production/1.1/board.xml as part xcvp1202-vsva2785-2mp-e-s specified in board_part file is either invalid or not available
WARNING: [Board 49-26] cannot add Board Part xilinx.com:vpk120:part0:1.2 available at /opt/Xilinx/Vivado/2023.2/data/xhub/boards/XilinxBoardStore/boards/Xilinx/vpk120/production/1.2/board.xml as part xcvp1202-vsva2785-2mp-e-s specified in board_part file is either invalid or not available
WARNING: [Board 49-26] cannot add Board Part xilinx.com:vpk180:part0:1.0 available at /opt/Xilinx/Vivado/2023.2/data/xhub/boards/XilinxBoardStore/boards/Xilinx/vpk180/production/1.0/board.xml as part xcvp1802-lsvc4072-2mp-e-s specified in board_part file is either invalid or not available
WARNING: [Board 49-26] cannot add Board Part xilinx.com:vpk180:part0:1.1 available at /opt/Xilinx/Vivado/2023.2/data/xhub/boards/XilinxBoardStore/boards/Xilinx/vpk180/production/1.1/board.xml as part xcvp1802-lsvc4072-2mp-e-s specified in board_part file is either invalid or not available
WARNING: [Board 49-26] cannot add Board Part xilinx.com:zcu208ld:part0:2.0 available at /opt/Xilinx/Vivado/2023.2/data/xhub/boards/XilinxBoardStore/boards/Xilinx/zcu208ld/production/2.0/board.xml as part xczu58dr-fsvg1517-2-i specified in board_part file is either invalid or not available
WARNING: [Board 49-26] cannot add Board Part xilinx.com:zcu216ld:part0:2.0 available at /opt/Xilinx/Vivado/2023.2/data/xhub/boards/XilinxBoardStore/boards/Xilinx/zcu216ld/production/2.0/board.xml as part xczu59dr-ffvf1760-2-i specified in board_part file is either invalid or not available
WARNING: [Board 49-26] cannot add Board Part xilinx.com:zcu670:part0:2.0 available at /opt/Xilinx/Vivado/2023.2/data/xhub/boards/XilinxBoardStore/boards/Xilinx/zcu670/2.0/board.xml as part xczu67dr-fsve1156-2-i specified in board_part file is either invalid or not available
WARNING: [Board 49-26] cannot add Board Part xilinx.com:zcu670ld:part0:1.0 available at /opt/Xilinx/Vivado/2023.2/data/xhub/boards/XilinxBoardStore/boards/Xilinx/zcu670ld/1.0/board.xml as part xczu57dr-fsve1156-2-i specified in board_part file is either invalid or not available
open_project /home/09-comp-arch-m/ecen4243S25/lab3/implementation/lab2.xpr
INFO: [Project 1-313] Project file moved from '/home/jstine/ecen4243S25/lab2/fpga/.Xil/Vivado-937952-iq9/PrjAr/_X_' since last save.
Scanning sources...
Finished scanning sources
INFO: [Project 1-1877] Auto incremental dir location '/home/lab2.srcs/utils_1/imports/synth_1' of run 'synth_1' is not writable, setting it to default location '/home/09-comp-arch-m/ecen4243S25/lab3/implementation/lab2.srcs/utils_1/imports/synth_1'.
INFO: [Project 1-1877] Auto incremental dir location '/home/lab2.srcs/utils_1/imports/synth_1' of run 'synth_1' is not writable, setting it to default location '/home/09-comp-arch-m/ecen4243S25/lab3/implementation/lab2.srcs/utils_1/imports/synth_1'.
INFO: [Project 1-1877] Auto incremental dir location '/home/lab2.srcs/utils_1/imports/design_1_processing_system7_0_0_synth_1' of run 'design_1_processing_system7_0_0_synth_1' is not writable, setting it to default location '/home/09-comp-arch-m/ecen4243S25/lab3/implementation/lab2.srcs/utils_1/imports/design_1_processing_system7_0_0_synth_1'.
INFO: [Project 1-1877] Auto incremental dir location '/home/lab2.srcs/utils_1/imports/design_1_processing_system7_0_0_synth_1' of run 'design_1_processing_system7_0_0_synth_1' is not writable, setting it to default location '/home/09-comp-arch-m/ecen4243S25/lab3/implementation/lab2.srcs/utils_1/imports/design_1_processing_system7_0_0_synth_1'.
INFO: [Project 1-1877] Auto incremental dir location '/home/lab2.srcs/utils_1/imports/design_1_AXI_Converter_0_0_synth_1' of run 'design_1_AXI_Converter_0_0_synth_1' is not writable, setting it to default location '/home/09-comp-arch-m/ecen4243S25/lab3/implementation/lab2.srcs/utils_1/imports/design_1_AXI_Converter_0_0_synth_1'.
INFO: [Project 1-1877] Auto incremental dir location '/home/lab2.srcs/utils_1/imports/design_1_AXI_Converter_0_0_synth_1' of run 'design_1_AXI_Converter_0_0_synth_1' is not writable, setting it to default location '/home/09-comp-arch-m/ecen4243S25/lab3/implementation/lab2.srcs/utils_1/imports/design_1_AXI_Converter_0_0_synth_1'.
INFO: [Project 1-1877] Auto incremental dir location '/home/lab2.srcs/utils_1/imports/design_1_axi_smc_0_synth_1' of run 'design_1_axi_smc_0_synth_1' is not writable, setting it to default location '/home/09-comp-arch-m/ecen4243S25/lab3/implementation/lab2.srcs/utils_1/imports/design_1_axi_smc_0_synth_1'.
INFO: [Project 1-1877] Auto incremental dir location '/home/lab2.srcs/utils_1/imports/design_1_axi_smc_0_synth_1' of run 'design_1_axi_smc_0_synth_1' is not writable, setting it to default location '/home/09-comp-arch-m/ecen4243S25/lab3/implementation/lab2.srcs/utils_1/imports/design_1_axi_smc_0_synth_1'.
INFO: [Project 1-1877] Auto incremental dir location '/home/lab2.srcs/utils_1/imports/design_1_rst_ps7_0_50M_0_synth_1' of run 'design_1_rst_ps7_0_50M_0_synth_1' is not writable, setting it to default location '/home/09-comp-arch-m/ecen4243S25/lab3/implementation/lab2.srcs/utils_1/imports/design_1_rst_ps7_0_50M_0_synth_1'.
INFO: [Project 1-1877] Auto incremental dir location '/home/lab2.srcs/utils_1/imports/design_1_rst_ps7_0_50M_0_synth_1' of run 'design_1_rst_ps7_0_50M_0_synth_1' is not writable, setting it to default location '/home/09-comp-arch-m/ecen4243S25/lab3/implementation/lab2.srcs/utils_1/imports/design_1_rst_ps7_0_50M_0_synth_1'.
INFO: [Project 1-1877] Auto incremental dir location '/home/lab2.srcs/utils_1/imports/design_1_top_0_0_synth_1' of run 'design_1_top_0_0_synth_1' is not writable, setting it to default location '/home/09-comp-arch-m/ecen4243S25/lab3/implementation/lab2.srcs/utils_1/imports/design_1_top_0_0_synth_1'.
INFO: [Project 1-1877] Auto incremental dir location '/home/lab2.srcs/utils_1/imports/design_1_top_0_0_synth_1' of run 'design_1_top_0_0_synth_1' is not writable, setting it to default location '/home/09-comp-arch-m/ecen4243S25/lab3/implementation/lab2.srcs/utils_1/imports/design_1_top_0_0_synth_1'.
INFO: [Project 1-1877] Auto incremental dir location '/home/lab2.srcs/utils_1/imports/impl_1' of run 'impl_1' is not writable, setting it to default location '/home/09-comp-arch-m/ecen4243S25/lab3/implementation/lab2.srcs/utils_1/imports/impl_1'.
INFO: [Project 1-1877] Auto incremental dir location '/home/lab2.srcs/utils_1/imports/impl_1' of run 'impl_1' is not writable, setting it to default location '/home/09-comp-arch-m/ecen4243S25/lab3/implementation/lab2.srcs/utils_1/imports/impl_1'.
INFO: [Project 1-1877] Auto incremental dir location '/home/lab2.srcs/utils_1/imports/design_1_processing_system7_0_0_impl_1' of run 'design_1_processing_system7_0_0_impl_1' is not writable, setting it to default location '/home/09-comp-arch-m/ecen4243S25/lab3/implementation/lab2.srcs/utils_1/imports/design_1_processing_system7_0_0_impl_1'.
INFO: [Project 1-1877] Auto incremental dir location '/home/lab2.srcs/utils_1/imports/design_1_processing_system7_0_0_impl_1' of run 'design_1_processing_system7_0_0_impl_1' is not writable, setting it to default location '/home/09-comp-arch-m/ecen4243S25/lab3/implementation/lab2.srcs/utils_1/imports/design_1_processing_system7_0_0_impl_1'.
INFO: [Project 1-1877] Auto incremental dir location '/home/lab2.srcs/utils_1/imports/design_1_AXI_Converter_0_0_impl_1' of run 'design_1_AXI_Converter_0_0_impl_1' is not writable, setting it to default location '/home/09-comp-arch-m/ecen4243S25/lab3/implementation/lab2.srcs/utils_1/imports/design_1_AXI_Converter_0_0_impl_1'.
INFO: [Project 1-1877] Auto incremental dir location '/home/lab2.srcs/utils_1/imports/design_1_AXI_Converter_0_0_impl_1' of run 'design_1_AXI_Converter_0_0_impl_1' is not writable, setting it to default location '/home/09-comp-arch-m/ecen4243S25/lab3/implementation/lab2.srcs/utils_1/imports/design_1_AXI_Converter_0_0_impl_1'.
INFO: [Project 1-1877] Auto incremental dir location '/home/lab2.srcs/utils_1/imports/design_1_axi_smc_0_impl_1' of run 'design_1_axi_smc_0_impl_1' is not writable, setting it to default location '/home/09-comp-arch-m/ecen4243S25/lab3/implementation/lab2.srcs/utils_1/imports/design_1_axi_smc_0_impl_1'.
INFO: [Project 1-1877] Auto incremental dir location '/home/lab2.srcs/utils_1/imports/design_1_axi_smc_0_impl_1' of run 'design_1_axi_smc_0_impl_1' is not writable, setting it to default location '/home/09-comp-arch-m/ecen4243S25/lab3/implementation/lab2.srcs/utils_1/imports/design_1_axi_smc_0_impl_1'.
INFO: [Project 1-1877] Auto incremental dir location '/home/lab2.srcs/utils_1/imports/design_1_rst_ps7_0_50M_0_impl_1' of run 'design_1_rst_ps7_0_50M_0_impl_1' is not writable, setting it to default location '/home/09-comp-arch-m/ecen4243S25/lab3/implementation/lab2.srcs/utils_1/imports/design_1_rst_ps7_0_50M_0_impl_1'.
INFO: [Project 1-1877] Auto incremental dir location '/home/lab2.srcs/utils_1/imports/design_1_rst_ps7_0_50M_0_impl_1' of run 'design_1_rst_ps7_0_50M_0_impl_1' is not writable, setting it to default location '/home/09-comp-arch-m/ecen4243S25/lab3/implementation/lab2.srcs/utils_1/imports/design_1_rst_ps7_0_50M_0_impl_1'.
INFO: [Project 1-1877] Auto incremental dir location '/home/lab2.srcs/utils_1/imports/design_1_top_0_0_impl_1' of run 'design_1_top_0_0_impl_1' is not writable, setting it to default location '/home/09-comp-arch-m/ecen4243S25/lab3/implementation/lab2.srcs/utils_1/imports/design_1_top_0_0_impl_1'.
INFO: [Project 1-1877] Auto incremental dir location '/home/lab2.srcs/utils_1/imports/design_1_top_0_0_impl_1' of run 'design_1_top_0_0_impl_1' is not writable, setting it to default location '/home/09-comp-arch-m/ecen4243S25/lab3/implementation/lab2.srcs/utils_1/imports/design_1_top_0_0_impl_1'.
INFO: [IP_Flow 19-234] Refreshing IP repositories
INFO: [IP_Flow 19-1700] Loaded user IP repository '/home/09-comp-arch-m/ecen4243S25/lab3/implementation/lab2.ipdefs/ip_repo_BAK_0_0_0'.
INFO: [IP_Flow 19-2313] Loaded Vivado IP repository '/opt/Xilinx/Vivado/2023.2/data/ip'.
WARNING: [IP_Flow 19-3664] IP 'design_1_top_0_0' generated file not found '/home/09-comp-arch-m/ecen4243S25/lab3/implementation/lab2.srcs/sources_1/bd/design_1/ip/design_1_top_0_0/design_1_top_0_0.dcp'. Please regenerate to continue.
WARNING: [IP_Flow 19-3664] IP 'design_1_top_0_0' generated file not found '/home/09-comp-arch-m/ecen4243S25/lab3/implementation/lab2.srcs/sources_1/bd/design_1/ip/design_1_top_0_0/design_1_top_0_0_stub.v'. Please regenerate to continue.
WARNING: [IP_Flow 19-3664] IP 'design_1_top_0_0' generated file not found '/home/09-comp-arch-m/ecen4243S25/lab3/implementation/lab2.srcs/sources_1/bd/design_1/ip/design_1_top_0_0/design_1_top_0_0_stub.vhdl'. Please regenerate to continue.
WARNING: [IP_Flow 19-3664] IP 'design_1_top_0_0' generated file not found '/home/09-comp-arch-m/ecen4243S25/lab3/implementation/lab2.srcs/sources_1/bd/design_1/ip/design_1_top_0_0/design_1_top_0_0_sim_netlist.v'. Please regenerate to continue.
WARNING: [IP_Flow 19-3664] IP 'design_1_top_0_0' generated file not found '/home/09-comp-arch-m/ecen4243S25/lab3/implementation/lab2.srcs/sources_1/bd/design_1/ip/design_1_top_0_0/design_1_top_0_0_sim_netlist.vhdl'. Please regenerate to continue.
update_compile_order -fileset sources_1
pwd
/home/09-comp-arch-m/ecen4243S25/lab3/implementation
cd ../
cd scripts
ls
WARNING: [Common 17-259] Unknown Tcl command 'ls' sending command to the OS shell for execution. It is recommended to use 'exec' to send the command to the OS shell.
setup.tcl
source setup.tcl
# import_files -norecurse riscv_pipelined.sv
# update_compile_order -fileset sources_1
# reset_run synth_1
# launch_runs impl_1 -to_step write_bitstream -jobs 5
INFO: [IP_Flow 19-6924] IPCACHE: Running cache check for IP inst: design_1_top_0_0
[Tue Apr 15 14:58:00 2025] Launched design_1_top_0_0_synth_1, synth_1...
Run output will be captured here:
design_1_top_0_0_synth_1: /home/09-comp-arch-m/ecen4243S25/lab3/implementation/lab2.runs/design_1_top_0_0_synth_1/runme.log
synth_1: /home/09-comp-arch-m/ecen4243S25/lab3/implementation/lab2.runs/synth_1/runme.log
[Tue Apr 15 14:58:00 2025] Launched impl_1...
Run output will be captured here: /home/09-comp-arch-m/ecen4243S25/lab3/implementation/lab2.runs/impl_1/runme.log
0
source setup.tcl
# import_files -norecurse riscv_pipelined.sv
WARNING: [filemgmt 20-354] The following file(s) were not imported. Local copy of file(s) already exists:
/home/09-comp-arch-m/ecen4243S25/lab3/scripts/riscv_pipelined.sv
Hint: use the '-force' option to overwrite the local copies.
# update_compile_order -fileset sources_1
# reset_run synth_1
# launch_runs impl_1 -to_step write_bitstream -jobs 5
INFO: [IP_Flow 19-6924] IPCACHE: Running cache check for IP inst: design_1_top_0_0
[Tue Apr 15 14:59:26 2025] Launched design_1_top_0_0_synth_1, synth_1...
Run output will be captured here:
design_1_top_0_0_synth_1: /home/09-comp-arch-m/ecen4243S25/lab3/implementation/lab2.runs/design_1_top_0_0_synth_1/runme.log
synth_1: /home/09-comp-arch-m/ecen4243S25/lab3/implementation/lab2.runs/synth_1/runme.log
[Tue Apr 15 14:59:26 2025] Launched impl_1...
Run output will be captured here: /home/09-comp-arch-m/ecen4243S25/lab3/implementation/lab2.runs/impl_1/runme.log
0
source setup.tcl
# import_files -norecurse riscv_pipelined.sv
WARNING: [filemgmt 20-354] The following file(s) were not imported. Local copy of file(s) already exists:
/home/09-comp-arch-m/ecen4243S25/lab3/scripts/riscv_pipelined.sv
Hint: use the '-force' option to overwrite the local copies.
# update_compile_order -fileset sources_1
# reset_run synth_1
# launch_runs impl_1 -to_step write_bitstream -jobs 5
INFO: [IP_Flow 19-6924] IPCACHE: Running cache check for IP inst: design_1_top_0_0
[Tue Apr 15 15:00:22 2025] Launched design_1_top_0_0_synth_1, synth_1...
Run output will be captured here:
design_1_top_0_0_synth_1: /home/09-comp-arch-m/ecen4243S25/lab3/implementation/lab2.runs/design_1_top_0_0_synth_1/runme.log
synth_1: /home/09-comp-arch-m/ecen4243S25/lab3/implementation/lab2.runs/synth_1/runme.log
[Tue Apr 15 15:00:22 2025] Launched impl_1...
Run output will be captured here: /home/09-comp-arch-m/ecen4243S25/lab3/implementation/lab2.runs/impl_1/runme.log
0
update_module_reference design_1_top_0_0
INFO: [IP_Flow 19-5107] Inferred bus interface 'reset' of definition 'xilinx.com:signal:reset:1.0' (from Xilinx Repository).
INFO: [IP_Flow 19-5107] Inferred bus interface 'clk' of definition 'xilinx.com:signal:clock:1.0' (from Xilinx Repository).
INFO: [IP_Flow 19-4728] Bus Interface 'clk': Added interface parameter 'ASSOCIATED_RESET' with value 'reset'.
WARNING: [IP_Flow 19-5661] Bus Interface 'clk' does not have any bus interfaces associated with it.
WARNING: [IP_Flow 19-11770] Clock interface 'clk' has no FREQ_HZ parameter.
INFO: [IP_Flow 19-5107] Inferred bus interface 'reset' of definition 'xilinx.com:signal:reset:1.0' (from Xilinx Repository).
INFO: [IP_Flow 19-5107] Inferred bus interface 'clk' of definition 'xilinx.com:signal:clock:1.0' (from Xilinx Repository).
INFO: [IP_Flow 19-4728] Bus Interface 'clk': Added interface parameter 'ASSOCIATED_RESET' with value 'reset'.
WARNING: [IP_Flow 19-5661] Bus Interface 'clk' does not have any bus interfaces associated with it.
WARNING: [IP_Flow 19-11770] Clock interface 'clk' has no FREQ_HZ parameter.
Reading block design file </home/09-comp-arch-m/ecen4243S25/lab3/implementation/lab2.srcs/sources_1/bd/design_1/design_1.bd>...
Adding component instance block -- xilinx.com:ip:processing_system7:5.5 - processing_system7_0
Adding component instance block -- okstate.edu:user:AXI_Converter:1.1 - AXI_Converter_0
Adding component instance block -- xilinx.com:ip:proc_sys_reset:5.0 - rst_ps7_0_50M
Adding component instance block -- xilinx.com:ip:smartconnect:1.0 - axi_smc
Adding component instance block -- xilinx.com:module_ref:top:1.0 - top_0
Successfully read diagram <design_1> from block design file </home/09-comp-arch-m/ecen4243S25/lab3/implementation/lab2.srcs/sources_1/bd/design_1/design_1.bd>
Upgrading '/home/09-comp-arch-m/ecen4243S25/lab3/implementation/lab2.srcs/sources_1/bd/design_1/design_1.bd'
INFO: [IP_Flow 19-3420] Updated design_1_top_0_0 to use current project options
Wrote  : </home/09-comp-arch-m/ecen4243S25/lab3/implementation/lab2.srcs/sources_1/bd/design_1/design_1.bd> 
Wrote  : </home/09-comp-arch-m/ecen4243S25/lab3/implementation/lab2.srcs/sources_1/bd/design_1/ui/bd_1f5defd0.ui> 
source setup.tcl
# import_files -norecurse riscv_pipelined.sv
WARNING: [filemgmt 20-354] The following file(s) were not imported. Local copy of file(s) already exists:
/home/09-comp-arch-m/ecen4243S25/lab3/scripts/riscv_pipelined.sv
Hint: use the '-force' option to overwrite the local copies.
# update_compile_order -fileset sources_1
# reset_run synth_1
# launch_runs impl_1 -to_step write_bitstream -jobs 5
WARNING: [BD 5-700] No address spaces matched 'get_bd_addr_spaces -of_objects /processing_system7_0 -filter {path == /processing_system7_0/Data}'
WARNING: [BD 5-699] No address segments matched 'get_bd_addr_segs -of_objects {}'
INFO: [BD 5-943] Reserving offset range <0x0000_0000 [ 512M ]> from slave interface '/axi_smc/S00_AXI' to master interface '/axi_smc/M00_AXI'. This will be used by smartconnect on path for routing.
INFO: [xilinx.com:ip:smartconnect:1.0-1] design_1_axi_smc_0: SmartConnect design_1_axi_smc_0 is in High-performance Mode.
WARNING: [BD 41-237] Bus Interface property AWUSER_WIDTH does not match between /processing_system7_0/S_AXI_HP0(0) and /axi_smc/M00_AXI(1)
WARNING: [BD 41-237] Bus Interface property ARUSER_WIDTH does not match between /processing_system7_0/S_AXI_HP0(0) and /axi_smc/M00_AXI(1)
WARNING: [BD 41-237] Bus Interface property BUSER_WIDTH does not match between /processing_system7_0/S_AXI_HP0(0) and /axi_smc/M00_AXI(1)
Wrote  : </home/09-comp-arch-m/ecen4243S25/lab3/implementation/lab2.srcs/sources_1/bd/design_1/design_1.bd> 
Wrote  : </home/09-comp-arch-m/ecen4243S25/lab3/implementation/lab2.srcs/sources_1/bd/design_1/ui/bd_1f5defd0.ui> 
Verilog Output written to : /home/09-comp-arch-m/ecen4243S25/lab3/implementation/lab2.srcs/sources_1/bd/design_1/synth/design_1.v
Verilog Output written to : /home/09-comp-arch-m/ecen4243S25/lab3/implementation/lab2.srcs/sources_1/bd/design_1/sim/design_1.v
Verilog Output written to : /home/09-comp-arch-m/ecen4243S25/lab3/implementation/lab2.srcs/sources_1/bd/design_1/hdl/design_1_wrapper.v
Exporting to file /home/09-comp-arch-m/ecen4243S25/lab3/implementation/lab2.srcs/sources_1/bd/design_1/ip/design_1_axi_smc_0/bd_0/hw_handoff/design_1_axi_smc_0.hwh
Generated Hardware Definition File /home/09-comp-arch-m/ecen4243S25/lab3/implementation/lab2.srcs/sources_1/bd/design_1/ip/design_1_axi_smc_0/bd_0/synth/design_1_axi_smc_0.hwdef
INFO: [BD 41-1029] Generation completed for the IP Integrator block axi_smc .
INFO: [BD 41-1029] Generation completed for the IP Integrator block top_0 .
Exporting to file /home/09-comp-arch-m/ecen4243S25/lab3/implementation/lab2.srcs/sources_1/bd/design_1/hw_handoff/design_1.hwh
Generated Hardware Definition File /home/09-comp-arch-m/ecen4243S25/lab3/implementation/lab2.srcs/sources_1/bd/design_1/synth/design_1.hwdef
INFO: [IP_Flow 19-6930] IPCACHE: runCacheChecks() number of threads = 8
INFO: [IP_Flow 19-6921] IPCACHE: Adding cache check func to thread queue for IP design_1_axi_smc_0
INFO: [IP_Flow 19-6921] IPCACHE: Adding cache check func to thread queue for IP design_1_top_0_0
INFO: [IP_Flow 19-8020] IPCACHE: runCacheChecks() calling threadPool finishWork()
INFO: [IP_Flow 19-6924] IPCACHE: Running cache check for IP inst: design_1_axi_smc_0
INFO: [IP_Flow 19-6922] IPCACHE: Exporting cached entry 9178971939bd28e9 to dir: /home/09-comp-arch-m/ecen4243S25/lab3/implementation/lab2.srcs/sources_1/bd/design_1/ip/design_1_axi_smc_0
INFO: [IP_Flow 19-6928] IPCACHE: copied cached file /home/09-comp-arch-m/ecen4243S25/lab3/implementation/lab2.cache/ip/2023.2/9/1/9178971939bd28e9/design_1_axi_smc_0_sim_netlist.v to /home/09-comp-arch-m/ecen4243S25/lab3/implementation/lab2.srcs/sources_1/bd/design_1/ip/design_1_axi_smc_0/design_1_axi_smc_0_sim_netlist.v.
INFO: [IP_Flow 19-6926] IPCACHE: added file to list for BOM: /home/09-comp-arch-m/ecen4243S25/lab3/implementation/lab2.srcs/sources_1/bd/design_1/ip/design_1_axi_smc_0/design_1_axi_smc_0_sim_netlist.v
INFO: [IP_Flow 19-6928] IPCACHE: copied cached file /home/09-comp-arch-m/ecen4243S25/lab3/implementation/lab2.cache/ip/2023.2/9/1/9178971939bd28e9/design_1_axi_smc_0_stub.vhdl to /home/09-comp-arch-m/ecen4243S25/lab3/implementation/lab2.srcs/sources_1/bd/design_1/ip/design_1_axi_smc_0/design_1_axi_smc_0_stub.vhdl.
INFO: [IP_Flow 19-6926] IPCACHE: added file to list for BOM: /home/09-comp-arch-m/ecen4243S25/lab3/implementation/lab2.srcs/sources_1/bd/design_1/ip/design_1_axi_smc_0/design_1_axi_smc_0_stub.vhdl
INFO: [IP_Flow 19-6928] IPCACHE: copied cached file /home/09-comp-arch-m/ecen4243S25/lab3/implementation/lab2.cache/ip/2023.2/9/1/9178971939bd28e9/design_1_axi_smc_0_stub.v to /home/09-comp-arch-m/ecen4243S25/lab3/implementation/lab2.srcs/sources_1/bd/design_1/ip/design_1_axi_smc_0/design_1_axi_smc_0_stub.v.
INFO: [IP_Flow 19-6926] IPCACHE: added file to list for BOM: /home/09-comp-arch-m/ecen4243S25/lab3/implementation/lab2.srcs/sources_1/bd/design_1/ip/design_1_axi_smc_0/design_1_axi_smc_0_stub.v
INFO: [IP_Flow 19-6928] IPCACHE: copied cached file /home/09-comp-arch-m/ecen4243S25/lab3/implementation/lab2.cache/ip/2023.2/9/1/9178971939bd28e9/design_1_axi_smc_0.dcp to /home/09-comp-arch-m/ecen4243S25/lab3/implementation/lab2.srcs/sources_1/bd/design_1/ip/design_1_axi_smc_0/design_1_axi_smc_0.dcp.
INFO: [IP_Flow 19-6926] IPCACHE: added file to list for BOM: /home/09-comp-arch-m/ecen4243S25/lab3/implementation/lab2.srcs/sources_1/bd/design_1/ip/design_1_axi_smc_0/design_1_axi_smc_0.dcp
INFO: [IP_Flow 19-6928] IPCACHE: copied cached file /home/09-comp-arch-m/ecen4243S25/lab3/implementation/lab2.cache/ip/2023.2/9/1/9178971939bd28e9/design_1_axi_smc_0_sim_netlist.vhdl to /home/09-comp-arch-m/ecen4243S25/lab3/implementation/lab2.srcs/sources_1/bd/design_1/ip/design_1_axi_smc_0/design_1_axi_smc_0_sim_netlist.vhdl.
INFO: [IP_Flow 19-6926] IPCACHE: added file to list for BOM: /home/09-comp-arch-m/ecen4243S25/lab3/implementation/lab2.srcs/sources_1/bd/design_1/ip/design_1_axi_smc_0/design_1_axi_smc_0_sim_netlist.vhdl
INFO: [IP_Flow 19-4993] Using cached IP synthesis design for IP design_1_axi_smc_0, cache-ID = 9178971939bd28e9; cache size = 9.425 MB.
INFO: [IP_Flow 19-6924] IPCACHE: Running cache check for IP inst: design_1_top_0_0
[Tue Apr 15 15:01:14 2025] Launched design_1_top_0_0_synth_1, synth_1...
Run output will be captured here:
design_1_top_0_0_synth_1: /home/09-comp-arch-m/ecen4243S25/lab3/implementation/lab2.runs/design_1_top_0_0_synth_1/runme.log
synth_1: /home/09-comp-arch-m/ecen4243S25/lab3/implementation/lab2.runs/synth_1/runme.log
[Tue Apr 15 15:01:14 2025] Launched impl_1...
Run output will be captured here: /home/09-comp-arch-m/ecen4243S25/lab3/implementation/lab2.runs/impl_1/runme.log
launch_runs: Time (s): cpu = 00:00:09 ; elapsed = 00:00:07 . Memory (MB): peak = 8606.965 ; gain = 277.609 ; free physical = 3153 ; free virtual = 12918
0
reset_run design_1_top_0_0_synth_1
reset_run synth_1
launch_runs synth_1 -jobs 10
INFO: [IP_Flow 19-6924] IPCACHE: Running cache check for IP inst: design_1_top_0_0
[Tue Apr 15 15:01:51 2025] Launched design_1_top_0_0_synth_1...
Run output will be captured here: /home/09-comp-arch-m/ecen4243S25/lab3/implementation/lab2.runs/design_1_top_0_0_synth_1/runme.log
[Tue Apr 15 15:01:51 2025] Launched synth_1...
Run output will be captured here: /home/09-comp-arch-m/ecen4243S25/lab3/implementation/lab2.runs/synth_1/runme.log
update_module_reference design_1_top_0_0
INFO: [IP_Flow 19-5107] Inferred bus interface 'reset' of definition 'xilinx.com:signal:reset:1.0' (from Xilinx Repository).
INFO: [IP_Flow 19-5107] Inferred bus interface 'clk' of definition 'xilinx.com:signal:clock:1.0' (from Xilinx Repository).
INFO: [IP_Flow 19-4728] Bus Interface 'clk': Added interface parameter 'ASSOCIATED_RESET' with value 'reset'.
WARNING: [IP_Flow 19-5661] Bus Interface 'clk' does not have any bus interfaces associated with it.
WARNING: [IP_Flow 19-11770] Clock interface 'clk' has no FREQ_HZ parameter.
INFO: [IP_Flow 19-5107] Inferred bus interface 'reset' of definition 'xilinx.com:signal:reset:1.0' (from Xilinx Repository).
INFO: [IP_Flow 19-5107] Inferred bus interface 'clk' of definition 'xilinx.com:signal:clock:1.0' (from Xilinx Repository).
INFO: [IP_Flow 19-4728] Bus Interface 'clk': Added interface parameter 'ASSOCIATED_RESET' with value 'reset'.
WARNING: [IP_Flow 19-5661] Bus Interface 'clk' does not have any bus interfaces associated with it.
WARNING: [IP_Flow 19-11770] Clock interface 'clk' has no FREQ_HZ parameter.
Upgrading '/home/09-comp-arch-m/ecen4243S25/lab3/implementation/lab2.srcs/sources_1/bd/design_1/design_1.bd'
INFO: [IP_Flow 19-3420] Updated design_1_top_0_0 to use current project options
Wrote  : </home/09-comp-arch-m/ecen4243S25/lab3/implementation/lab2.srcs/sources_1/bd/design_1/design_1.bd> 
source setup.tcl
# import_files -norecurse riscv_pipelined.sv
WARNING: [filemgmt 20-354] The following file(s) were not imported. Local copy of file(s) already exists:
/home/09-comp-arch-m/ecen4243S25/lab3/scripts/riscv_pipelined.sv
Hint: use the '-force' option to overwrite the local copies.
# update_compile_order -fileset sources_1
# reset_run synth_1
# launch_runs impl_1 -to_step write_bitstream -jobs 5
WARNING: [BD 5-700] No address spaces matched 'get_bd_addr_spaces -of_objects /processing_system7_0 -filter {path == /processing_system7_0/Data}'
WARNING: [BD 5-699] No address segments matched 'get_bd_addr_segs -of_objects {}'
INFO: [BD 5-943] Reserving offset range <0x0000_0000 [ 512M ]> from slave interface '/axi_smc/S00_AXI' to master interface '/axi_smc/M00_AXI'. This will be used by smartconnect on path for routing.
INFO: [xilinx.com:ip:smartconnect:1.0-1] design_1_axi_smc_0: SmartConnect design_1_axi_smc_0 is in High-performance Mode.
WARNING: [BD 41-237] Bus Interface property AWUSER_WIDTH does not match between /processing_system7_0/S_AXI_HP0(0) and /axi_smc/M00_AXI(1)
WARNING: [BD 41-237] Bus Interface property ARUSER_WIDTH does not match between /processing_system7_0/S_AXI_HP0(0) and /axi_smc/M00_AXI(1)
WARNING: [BD 41-237] Bus Interface property BUSER_WIDTH does not match between /processing_system7_0/S_AXI_HP0(0) and /axi_smc/M00_AXI(1)
Wrote  : </home/09-comp-arch-m/ecen4243S25/lab3/implementation/lab2.srcs/sources_1/bd/design_1/design_1.bd> 
Verilog Output written to : /home/09-comp-arch-m/ecen4243S25/lab3/implementation/lab2.srcs/sources_1/bd/design_1/synth/design_1.v
Verilog Output written to : /home/09-comp-arch-m/ecen4243S25/lab3/implementation/lab2.srcs/sources_1/bd/design_1/sim/design_1.v
Verilog Output written to : /home/09-comp-arch-m/ecen4243S25/lab3/implementation/lab2.srcs/sources_1/bd/design_1/hdl/design_1_wrapper.v
Exporting to file /home/09-comp-arch-m/ecen4243S25/lab3/implementation/lab2.srcs/sources_1/bd/design_1/ip/design_1_axi_smc_0/bd_0/hw_handoff/design_1_axi_smc_0.hwh
Generated Hardware Definition File /home/09-comp-arch-m/ecen4243S25/lab3/implementation/lab2.srcs/sources_1/bd/design_1/ip/design_1_axi_smc_0/bd_0/synth/design_1_axi_smc_0.hwdef
INFO: [BD 41-1029] Generation completed for the IP Integrator block axi_smc .
INFO: [BD 41-1029] Generation completed for the IP Integrator block top_0 .
Exporting to file /home/09-comp-arch-m/ecen4243S25/lab3/implementation/lab2.srcs/sources_1/bd/design_1/hw_handoff/design_1.hwh
Generated Hardware Definition File /home/09-comp-arch-m/ecen4243S25/lab3/implementation/lab2.srcs/sources_1/bd/design_1/synth/design_1.hwdef
INFO: [IP_Flow 19-6930] IPCACHE: runCacheChecks() number of threads = 8
INFO: [IP_Flow 19-6921] IPCACHE: Adding cache check func to thread queue for IP design_1_axi_smc_0
INFO: [IP_Flow 19-6921] IPCACHE: Adding cache check func to thread queue for IP design_1_top_0_0
INFO: [IP_Flow 19-8020] IPCACHE: runCacheChecks() calling threadPool finishWork()
INFO: [IP_Flow 19-6924] IPCACHE: Running cache check for IP inst: design_1_axi_smc_0
INFO: [IP_Flow 19-6922] IPCACHE: Exporting cached entry 9178971939bd28e9 to dir: /home/09-comp-arch-m/ecen4243S25/lab3/implementation/lab2.srcs/sources_1/bd/design_1/ip/design_1_axi_smc_0
INFO: [IP_Flow 19-6928] IPCACHE: copied cached file /home/09-comp-arch-m/ecen4243S25/lab3/implementation/lab2.cache/ip/2023.2/9/1/9178971939bd28e9/design_1_axi_smc_0_sim_netlist.v to /home/09-comp-arch-m/ecen4243S25/lab3/implementation/lab2.srcs/sources_1/bd/design_1/ip/design_1_axi_smc_0/design_1_axi_smc_0_sim_netlist.v.
INFO: [IP_Flow 19-6926] IPCACHE: added file to list for BOM: /home/09-comp-arch-m/ecen4243S25/lab3/implementation/lab2.srcs/sources_1/bd/design_1/ip/design_1_axi_smc_0/design_1_axi_smc_0_sim_netlist.v
INFO: [IP_Flow 19-6928] IPCACHE: copied cached file /home/09-comp-arch-m/ecen4243S25/lab3/implementation/lab2.cache/ip/2023.2/9/1/9178971939bd28e9/design_1_axi_smc_0_stub.vhdl to /home/09-comp-arch-m/ecen4243S25/lab3/implementation/lab2.srcs/sources_1/bd/design_1/ip/design_1_axi_smc_0/design_1_axi_smc_0_stub.vhdl.
INFO: [IP_Flow 19-6926] IPCACHE: added file to list for BOM: /home/09-comp-arch-m/ecen4243S25/lab3/implementation/lab2.srcs/sources_1/bd/design_1/ip/design_1_axi_smc_0/design_1_axi_smc_0_stub.vhdl
INFO: [IP_Flow 19-6928] IPCACHE: copied cached file /home/09-comp-arch-m/ecen4243S25/lab3/implementation/lab2.cache/ip/2023.2/9/1/9178971939bd28e9/design_1_axi_smc_0_stub.v to /home/09-comp-arch-m/ecen4243S25/lab3/implementation/lab2.srcs/sources_1/bd/design_1/ip/design_1_axi_smc_0/design_1_axi_smc_0_stub.v.
INFO: [IP_Flow 19-6926] IPCACHE: added file to list for BOM: /home/09-comp-arch-m/ecen4243S25/lab3/implementation/lab2.srcs/sources_1/bd/design_1/ip/design_1_axi_smc_0/design_1_axi_smc_0_stub.v
INFO: [IP_Flow 19-6928] IPCACHE: copied cached file /home/09-comp-arch-m/ecen4243S25/lab3/implementation/lab2.cache/ip/2023.2/9/1/9178971939bd28e9/design_1_axi_smc_0.dcp to /home/09-comp-arch-m/ecen4243S25/lab3/implementation/lab2.srcs/sources_1/bd/design_1/ip/design_1_axi_smc_0/design_1_axi_smc_0.dcp.
INFO: [IP_Flow 19-6926] IPCACHE: added file to list for BOM: /home/09-comp-arch-m/ecen4243S25/lab3/implementation/lab2.srcs/sources_1/bd/design_1/ip/design_1_axi_smc_0/design_1_axi_smc_0.dcp
INFO: [IP_Flow 19-6928] IPCACHE: copied cached file /home/09-comp-arch-m/ecen4243S25/lab3/implementation/lab2.cache/ip/2023.2/9/1/9178971939bd28e9/design_1_axi_smc_0_sim_netlist.vhdl to /home/09-comp-arch-m/ecen4243S25/lab3/implementation/lab2.srcs/sources_1/bd/design_1/ip/design_1_axi_smc_0/design_1_axi_smc_0_sim_netlist.vhdl.
INFO: [IP_Flow 19-6926] IPCACHE: added file to list for BOM: /home/09-comp-arch-m/ecen4243S25/lab3/implementation/lab2.srcs/sources_1/bd/design_1/ip/design_1_axi_smc_0/design_1_axi_smc_0_sim_netlist.vhdl
INFO: [IP_Flow 19-4993] Using cached IP synthesis design for IP design_1_axi_smc_0, cache-ID = 9178971939bd28e9; cache size = 9.425 MB.
INFO: [IP_Flow 19-6924] IPCACHE: Running cache check for IP inst: design_1_top_0_0
[Tue Apr 15 15:03:05 2025] Launched design_1_top_0_0_synth_1, synth_1...
Run output will be captured here:
design_1_top_0_0_synth_1: /home/09-comp-arch-m/ecen4243S25/lab3/implementation/lab2.runs/design_1_top_0_0_synth_1/runme.log
synth_1: /home/09-comp-arch-m/ecen4243S25/lab3/implementation/lab2.runs/synth_1/runme.log
[Tue Apr 15 15:03:05 2025] Launched impl_1...
Run output will be captured here: /home/09-comp-arch-m/ecen4243S25/lab3/implementation/lab2.runs/impl_1/runme.log
launch_runs: Time (s): cpu = 00:00:08 ; elapsed = 00:00:06 . Memory (MB): peak = 8866.996 ; gain = 216.992 ; free physical = 3017 ; free virtual = 12779
0
update_module_reference design_1_top_0_0
INFO: [IP_Flow 19-5107] Inferred bus interface 'reset' of definition 'xilinx.com:signal:reset:1.0' (from Xilinx Repository).
INFO: [IP_Flow 19-5107] Inferred bus interface 'clk' of definition 'xilinx.com:signal:clock:1.0' (from Xilinx Repository).
INFO: [IP_Flow 19-4728] Bus Interface 'clk': Added interface parameter 'ASSOCIATED_RESET' with value 'reset'.
WARNING: [IP_Flow 19-5661] Bus Interface 'clk' does not have any bus interfaces associated with it.
WARNING: [IP_Flow 19-11770] Clock interface 'clk' has no FREQ_HZ parameter.
INFO: [IP_Flow 19-5107] Inferred bus interface 'reset' of definition 'xilinx.com:signal:reset:1.0' (from Xilinx Repository).
INFO: [IP_Flow 19-5107] Inferred bus interface 'clk' of definition 'xilinx.com:signal:clock:1.0' (from Xilinx Repository).
INFO: [IP_Flow 19-4728] Bus Interface 'clk': Added interface parameter 'ASSOCIATED_RESET' with value 'reset'.
WARNING: [IP_Flow 19-5661] Bus Interface 'clk' does not have any bus interfaces associated with it.
WARNING: [IP_Flow 19-11770] Clock interface 'clk' has no FREQ_HZ parameter.
Upgrading '/home/09-comp-arch-m/ecen4243S25/lab3/implementation/lab2.srcs/sources_1/bd/design_1/design_1.bd'
INFO: [IP_Flow 19-3420] Updated design_1_top_0_0 to use current project options
Wrote  : </home/09-comp-arch-m/ecen4243S25/lab3/implementation/lab2.srcs/sources_1/bd/design_1/design_1.bd> 
Wrote  : </home/09-comp-arch-m/ecen4243S25/lab3/implementation/lab2.srcs/sources_1/bd/design_1/ui/bd_1f5defd0.ui> 
